// Jest Snapshot v1, https://goo.gl/fbAQLP

exports[`should render Header correctly 1`] = `
<header>
  <h3>
    Expensify
  </h3>
  <[object Object]
    activeclassname="is-active"
    exact="true"
    to="/dashboard"
  >
    Dashboard
  </[object Object]>
  <[object Object]
    activeclassname="is-active"
    to="/create"
  >
    create
  </[object Object]>
  <button
    onClick={[Function]}
  >
    Logout
  </button>
</header>
`;
